0.000: [GC 512K->155K(1984K), 0.0046750 secs]
0.563: [GC 667K->333K(1984K), 0.0112550 secs]
1.102: [GC 845K->457K(1984K), 0.0078840 secs]
1.195: [GC 969K->629K(1984K), 0.0044500 secs]
1.252: [GC 1141K->810K(1984K), 0.0033530 secs]
1.284: [GC 1319K->1077K(1984K), 0.0033340 secs]
1.300: [GC 1589K->1205K(1984K), 0.0021880 secs]
1.314: [GC 1717K->1265K(1984K), 0.0012770 secs]
1.380: [GC 1777K->1345K(1984K), 0.0031820 secs]
1.574: [GC 1857K->1531K(2112K), 0.0041460 secs]
1.578: [Full GC 1531K->1447K(2112K), 0.0696690 secs]
1.678: [GC 1931K->1643K(2992K), 0.0040890 secs]
1.825: [GC 2155K->1749K(2992K), 0.0028840 secs]
1.936: [GC 2261K->1885K(2992K), 0.0037010 secs]
2.037: [GC 2397K->2015K(2992K), 0.0025920 secs]
2.045: [GC 2527K->2197K(2992K), 0.0029510 secs]
2.064: [GC 2709K->2476K(2992K), 0.0049080 secs]
2.069: [Full GC 2476K->1432K(2992K), 0.0639400 secs]
2.146: [GC 1944K->1624K(2992K), 0.0011980 secs]
2.163: [GC 2136K->1685K(2992K), 0.0010450 secs]
2.172: [GC 2197K->1743K(2992K), 0.0012510 secs]
2.180: [GC 2255K->1883K(2992K), 0.0020170 secs]
2.188: [GC 2395K->2064K(2992K), 0.0023990 secs]
2.293: [GC 2576K->2145K(2992K), 0.0024340 secs]
2.380: [GC 2657K->2333K(2992K), 0.0025960 secs]
2.389: [GC 2845K->2514K(3120K), 0.0025970 secs]
2.392: [Full GC 2514K->1697K(3120K), 0.0688020 secs]
2.507: [GC 2209K->1803K(3408K), 0.0024600 secs]
2.617: [GC 2315K->1839K(3408K), 0.0022090 secs]
2.727: [GC 2351K->1970K(3408K), 0.0066300 secs]
3.054: [GC 2482K->2055K(3408K), 0.0048310 secs]
3.187: [GC 2567K->2319K(3408K), 0.0079190 secs]
3.666: [GC 2831K->2468K(3408K), 0.0107670 secs]
9.937: [GC 2971K->2589K(3408K), 0.0109900 secs]
13.055: [GC 3101K->2685K(3408K), 0.0034890 secs]
20.651: [GC 3197K->2683K(3408K), 0.0028620 secs]
26.780: [GC 3195K->2702K(3408K), 0.0118610 secs]
27.374: [GC 3214K->2857K(3408K), 0.0035490 secs]
27.406: [GC 3369K->2968K(3536K), 0.0031080 secs]
27.409: [Full GC 2968K->2133K(3536K), 0.1110350 secs]
27.547: [GC 2645K->2301K(4132K), 0.0025390 secs]
27.580: [GC 2813K->2446K(4132K), 0.0030540 secs]
27.906: [GC 2951K->2523K(4132K), 0.0025450 secs]
28.119: [GC 3035K->2597K(4132K), 0.0025260 secs]
28.397: [GC 3109K->2665K(4132K), 0.0024730 secs]
28.568: [GC 3177K->2745K(4132K), 0.0023960 secs]
28.656: [GC 3257K->2824K(4132K), 0.0023620 secs]
28.689: [GC 3336K->2926K(4132K), 0.0021150 secs]
28.753: [GC 3438K->3072K(4132K), 0.0027290 secs]
28.794: [GC 3584K->3232K(4132K), 0.0030870 secs]
28.812: [GC 3744K->3402K(4132K), 0.0035350 secs]
28.877: [GC 3912K->3416K(4132K), 0.0019630 secs]
28.985: [GC 3916K->3435K(4132K), 0.0020720 secs]
29.095: [GC 3947K->3573K(4132K), 0.0024250 secs]
29.103: [GC 4085K->3754K(4388K), 0.0031970 secs]
29.107: [Full GC 3754K->3591K(4388K), 0.1149080 secs]
29.231: [GC 4023K->3748K(6564K), 0.0021790 secs]
29.245: [GC 4260K->3949K(6564K), 0.0016250 secs]
29.257: [GC 4461K->4008K(6564K), 0.0011360 secs]
29.262: [GC 4520K->4067K(6564K), 0.0014550 secs]
29.305: [GC 4579K->4145K(6564K), 0.0019380 secs]
29.313: [GC 4657K->4326K(6564K), 0.0026850 secs]
29.369: [GC 4834K->4508K(6564K), 0.0031250 secs]
29.469: [GC 5020K->4565K(6564K), 0.0050310 secs]
29.540: [GC 5077K->4707K(6564K), 0.0034520 secs]
29.776: [GC 5219K->4712K(6564K), 0.0026220 secs]
29.812: [GC 5224K->4712K(6564K), 0.0014200 secs]
29.834: [GC 5224K->4712K(6564K), 0.0008670 secs]
29.856: [GC 5224K->4712K(6564K), 0.0006320 secs]
30.158: [GC 5224K->4713K(6564K), 0.0006890 secs]
30.176: [GC 5225K->4713K(6564K), 0.0006330 secs]
30.191: [GC 5225K->4713K(6564K), 0.0005420 secs]
30.423: [GC 5225K->4712K(6564K), 0.0005640 secs]
30.439: [GC 5224K->4713K(6564K), 0.0006610 secs]
30.456: [GC 5225K->4713K(6564K), 0.0005360 secs]
30.492: [GC 5225K->4720K(6564K), 0.0011950 secs]
30.552: [GC 5232K->4756K(6564K), 0.0014540 secs]
30.633: [GC 5267K->4815K(6564K), 0.0018750 secs]
30.684: [GC 5327K->4851K(6564K), 0.0014640 secs]
30.719: [GC 5356K->4894K(6564K), 0.0012090 secs]
30.743: [GC 5397K->4994K(6564K), 0.0017460 secs]
30.761: [GC 5502K->4986K(6564K), 0.0010020 secs]
30.774: [GC 5496K->4988K(6564K), 0.0005290 secs]
30.787: [GC 5497K->4982K(6564K), 0.0004650 secs]
30.804: [GC 5494K->5047K(6564K), 0.0012990 secs]
30.819: [GC 5559K->5050K(6564K), 0.0008130 secs]
30.846: [GC 5562K->5073K(6564K), 0.0009430 secs]
30.894: [GC 5585K->5232K(6564K), 0.0019700 secs]
30.899: [GC 5744K->5412K(6564K), 0.0019460 secs]
30.909: [GC 5843K->5508K(6564K), 0.0016000 secs]
30.915: [GC 6020K->5696K(6564K), 0.0012760 secs]
30.919: [GC 6208K->5757K(6564K), 0.0008150 secs]
30.921: [GC 6269K->5815K(6564K), 0.0010110 secs]
30.926: [GC 6327K->5956K(6564K), 0.0018230 secs]
30.931: [GC 6468K->6137K(6692K), 0.0019330 secs]
30.933: [Full GC 6137K->4562K(6692K), 0.0920760 secs]
31.055: [GC 5138K->4636K(8248K), 0.0010990 secs]
31.071: [GC 5212K->4640K(8248K), 0.0007230 secs]
31.083: [GC 5216K->4655K(8248K), 0.0005180 secs]
31.100: [GC 5226K->4652K(8248K), 0.0005060 secs]
31.116: [GC 5228K->4666K(8248K), 0.0005550 secs]
31.133: [GC 5237K->4672K(8248K), 0.0005600 secs]
31.153: [GC 5246K->4669K(8248K), 0.0005550 secs]
31.170: [GC 5237K->4684K(8248K), 0.0005400 secs]
31.193: [GC 5254K->4685K(8248K), 0.0005920 secs]
31.207: [GC 5255K->4692K(8248K), 0.0005530 secs]
31.221: [GC 5260K->4719K(8248K), 0.0005990 secs]
31.239: [GC 5287K->4705K(8248K), 0.0005720 secs]
31.253: [GC 5281K->4709K(8248K), 0.0005520 secs]
31.266: [GC 5280K->4726K(8248K), 0.0005260 secs]
31.295: [GC 5299K->4729K(8248K), 0.0005220 secs]
31.309: [GC 5296K->4725K(8248K), 0.0004970 secs]
31.325: [GC 5300K->4739K(8248K), 0.0005910 secs]
31.344: [GC 5314K->4743K(8248K), 0.0005700 secs]
31.358: [GC 5318K->4749K(8248K), 0.0005710 secs]
31.370: [GC 5325K->4760K(8248K), 0.0006270 secs]
31.383: [GC 5335K->4759K(8248K), 0.0005420 secs]
31.396: [GC 5333K->4777K(8248K), 0.0005600 secs]
31.411: [GC 5353K->4826K(8248K), 0.0010170 secs]
31.435: [GC 5397K->4921K(8248K), 0.0011670 secs]
31.440: [GC 5497K->5131K(8248K), 0.0017610 secs]
31.482: [GC 5707K->5296K(8248K), 0.0019040 secs]
31.529: [GC 5872K->5339K(8248K), 0.0017660 secs]
31.577: [GC 5915K->5351K(8248K), 0.0011960 secs]
31.621: [GC 5927K->5360K(8248K), 0.0015790 secs]
31.639: [GC 5916K->5374K(8248K), 0.0012490 secs]
32.191: [GC 5946K->5405K(8248K), 0.0015220 secs]
32.732: [GC 5981K->5413K(8248K), 0.0029970 secs]
32.833: [GC 5989K->5433K(8248K), 0.0035450 secs]
32.969: [GC 6004K->5440K(8248K), 0.0039510 secs]
33.079: [GC 6016K->5464K(8248K), 0.0046680 secs]
33.163: [GC 6040K->5490K(8248K), 0.0023370 secs]
34.259: [GC 6066K->5513K(8248K), 0.0037510 secs]
34.351: [GC 6089K->5525K(8248K), 0.0025790 secs]
34.888: [GC 6089K->5578K(8248K), 0.0028240 secs]
34.917: [GC 6154K->5578K(8248K), 0.0019670 secs]
34.966: [GC 6154K->5600K(8248K), 0.0023750 secs]
34.995: [GC 6165K->5629K(8248K), 0.0019980 secs]
36.029: [GC 6205K->5649K(8248K), 0.0026330 secs]
36.049: [GC 6225K->5675K(8248K), 0.0019040 secs]
36.142: [GC 6251K->5704K(8248K), 0.0022810 secs]
37.345: [GC 6280K->5720K(8248K), 0.0022660 secs]
37.375: [GC 6281K->5756K(8248K), 0.0028670 secs]
38.458: [GC 6332K->5760K(8248K), 0.0030920 secs]
40.041: [GC 6336K->5789K(8248K), 0.0030280 secs]
42.185: [GC 6365K->5825K(8248K), 0.0073480 secs]
44.223: [GC 6388K->5862K(8248K), 0.0030890 secs]
44.743: [GC 6438K->5905K(8248K), 0.0016840 secs]
44.755: [GC 6481K->5923K(8248K), 0.0014220 secs]
44.767: [GC 6494K->5981K(8248K), 0.0018570 secs]
44.778: [GC 6557K->5979K(8248K), 0.0021690 secs]
46.864: [GC 6555K->6051K(8248K), 0.0037160 secs]
46.936: [GC 6620K->6093K(8248K), 0.0035010 secs]
48.020: [GC 6666K->6115K(8248K), 0.0026230 secs]
49.132: [GC 6691K->6119K(8248K), 0.0019460 secs]
50.182: [GC 6695K->6126K(8248K), 0.0027660 secs]
51.248: [GC 6702K->6173K(8248K), 0.0025030 secs]
52.304: [GC 6749K->6183K(8248K), 0.0022080 secs]
53.378: [GC 6759K->6194K(8248K), 0.0027490 secs]
54.410: [GC 6770K->6201K(8248K), 0.0026360 secs]
54.448: [GC 6772K->6192K(8248K), 0.0020980 secs]
55.501: [GC 6768K->6239K(8248K), 0.0022060 secs]
56.564: [GC 6815K->6283K(8248K), 0.0026320 secs]
57.603: [GC 6859K->6343K(8248K), 0.0035870 secs]
58.684: [GC 6919K->6325K(8248K), 0.0016430 secs]
58.726: [GC 6901K->6381K(8248K), 0.0028210 secs]
59.808: [GC 6957K->6421K(8248K), 0.0026640 secs]
60.828: [GC 6995K->6423K(8248K), 0.0017280 secs]
60.858: [GC 6995K->6462K(8248K), 0.0024470 secs]
61.955: [GC 7038K->6512K(8248K), 0.0029490 secs]
62.980: [GC 7088K->6548K(8248K), 0.0022630 secs]
63.032: [GC 7124K->6591K(8248K), 0.0023910 secs]
64.074: [GC 7167K->6640K(8248K), 0.0033350 secs]
65.119: [GC 7216K->6679K(8248K), 0.0019830 secs]
65.194: [GC 7255K->6723K(8248K), 0.0024300 secs]
66.245: [GC 7299K->6767K(8248K), 0.0025030 secs]
67.261: [GC 7343K->6800K(8248K), 0.0020320 secs]
67.342: [GC 7376K->6874K(8248K), 0.0024320 secs]
68.367: [GC 7450K->6934K(8248K), 0.0023710 secs]
68.416: [GC 7510K->6975K(8248K), 0.0025550 secs]
69.467: [GC 7551K->7033K(8248K), 0.0030920 secs]
70.482: [GC 7609K->7073K(8248K), 0.0018920 secs]
70.567: [GC 7649K->7141K(8248K), 0.0026730 secs]
71.594: [GC 7717K->7189K(8248K), 0.0025360 secs]
71.665: [GC 7765K->7246K(8248K), 0.0027460 secs]
72.697: [GC 7822K->7330K(8248K), 0.0030650 secs]
72.728: [GC 7906K->7330K(8248K), 0.0021410 secs]
73.787: [GC 7906K->7441K(8248K), 0.0078090 secs]
74.825: [GC 8017K->7452K(8248K), 0.0018570 secs]
75.016: [GC 8028K->7562K(8248K), 0.0032320 secs]
76.030: [GC 8138K->7603K(8248K), 0.0023220 secs]
76.078: [GC 8179K->7677K(8376K), 0.0028990 secs]
76.081: [Full GC 7677K->4737K(8376K), 0.1701250 secs]
77.280: [GC 5313K->4843K(8536K), 0.0029300 secs]
77.344: [GC 5419K->4925K(8536K), 0.0031610 secs]
78.366: [GC 5501K->4989K(8536K), 0.0029300 secs]
78.377: [GC 5565K->5055K(8536K), 0.0021290 secs]
78.396: [GC 5631K->5104K(8536K), 0.0026390 secs]
78.412: [GC 5680K->5135K(8536K), 0.0017690 secs]
79.434: [GC 5711K->5184K(8536K), 0.0022410 secs]
79.444: [GC 5760K->5222K(8536K), 0.0014700 secs]
79.454: [GC 5790K->5239K(8536K), 0.0014260 secs]
80.472: [GC 5815K->5213K(8536K), 0.0017960 secs]
80.707: [GC 5789K->5230K(8536K), 0.0039810 secs]
81.029: [GC 5806K->5251K(8536K), 0.0018840 secs]
81.556: [GC 5827K->5466K(8536K), 0.0027900 secs]
81.567: [GC 6042K->5668K(8536K), 0.0032550 secs]
82.599: [GC 6244K->5745K(8536K), 0.0028150 secs]
82.613: [GC 6321K->5754K(8536K), 0.0015520 secs]
83.130: [GC 6330K->5796K(8536K), 0.0015170 secs]
83.140: [GC 6372K->5772K(8536K), 0.0011650 secs]
83.148: [GC 6348K->5811K(8536K), 0.0011660 secs]
85.176: [GC 6371K->5798K(8536K), 0.0019340 secs]
85.217: [GC 6371K->5915K(8536K), 0.0031420 secs]
85.262: [GC 6491K->5991K(8536K), 0.0029230 secs]
85.301: [GC 6567K->6084K(8536K), 0.0033980 secs]
90.596: [GC 6660K->6129K(8536K), 0.0028110 secs]
91.591: [GC 6705K->6123K(8536K), 0.0032000 secs]
93.138: [GC 6699K->6143K(8536K), 0.0023860 secs]
95.323: [GC 6719K->6199K(8536K), 0.0027590 secs]
95.361: [GC 6775K->6278K(8536K), 0.0027400 secs]
95.436: [GC 6845K->6367K(8536K), 0.0030500 secs]
95.486: [GC 6943K->6486K(8536K), 0.0032560 secs]
95.599: [GC 7062K->6543K(8536K), 0.0030080 secs]
97.129: [GC 7119K->6636K(8536K), 0.0043870 secs]
97.450: [GC 7212K->6756K(8536K), 0.0050050 secs]
100.603: [GC 7332K->6782K(8536K), 0.0025250 secs]
101.664: [GC 7358K->6843K(8536K), 0.0026250 secs]
101.748: [GC 7407K->6926K(8536K), 0.0031940 secs]
101.797: [GC 7502K->7050K(8536K), 0.0038290 secs]
102.850: [GC 7604K->7102K(8536K), 0.0023040 secs]
102.894: [GC 7678K->7231K(8536K), 0.0042720 secs]
103.879: [GC 7807K->7269K(8536K), 0.0032340 secs]
103.969: [GC 7845K->7430K(8536K), 0.0034340 secs]
104.037: [GC 7998K->7530K(8536K), 0.0036110 secs]
105.084: [GC 8106K->7642K(8536K), 0.0030960 secs]
105.133: [GC 8218K->7739K(8536K), 0.0029950 secs]
106.170: [GC 8315K->7864K(8536K), 0.0035610 secs]
107.195: [GC 8435K->7925K(8536K), 0.0025620 secs]
107.220: [GC 8501K->8049K(8664K), 0.0033760 secs]
107.224: [Full GC 8049K->4310K(8664K), 0.1897810 secs]
108.439: [GC 4868K->4423K(8536K), 0.0028950 secs]
108.461: [GC 4999K->4580K(8536K), 0.0035300 secs]
109.486: [GC 5156K->4602K(8536K), 0.0019810 secs]
109.522: [GC 5178K->4766K(8536K), 0.0035160 secs]
110.544: [GC 5342K->4795K(8536K), 0.0019960 secs]
110.578: [GC 5371K->4963K(8536K), 0.0035750 secs]
111.425: [GC 5539K->5000K(8536K), 0.0025950 secs]
111.656: [GC 5576K->5122K(8536K), 0.0029710 secs]
111.730: [GC 5698K->5187K(8536K), 0.0027350 secs]
112.746: [GC 5763K->5227K(8536K), 0.0023340 secs]
112.777: [GC 5803K->5399K(8536K), 0.0036890 secs]
113.842: [GC 5975K->5458K(8536K), 0.0023770 secs]
113.865: [GC 6034K->5635K(8536K), 0.0035770 secs]
114.883: [GC 6211K->5662K(8536K), 0.0023830 secs]
114.928: [GC 6238K->5834K(8536K), 0.0035690 secs]
115.980: [GC 6409K->5919K(8536K), 0.0024320 secs]
116.007: [GC 6495K->6069K(8536K), 0.0032920 secs]
116.067: [GC 6634K->6153K(8536K), 0.0028250 secs]
117.099: [GC 6729K->6266K(8536K), 0.0031010 secs]
117.153: [GC 6842K->6358K(8536K), 0.0028640 secs]
118.183: [GC 6934K->6420K(8536K), 0.0026960 secs]
118.228: [GC 6996K->6542K(8536K), 0.0030660 secs]
119.257: [GC 7118K->6603K(8536K), 0.0023870 secs]
119.285: [GC 7179K->6777K(8536K), 0.0035590 secs]
119.339: [GC 7353K->6865K(8536K), 0.0030860 secs]
120.345: [GC 7441K->6990K(8536K), 0.0040260 secs]
120.387: [GC 7566K->7089K(8536K), 0.0038380 secs]
121.409: [GC 7665K->7179K(8536K), 0.0027880 secs]
121.449: [GC 7755K->7367K(8536K), 0.0039310 secs]
122.500: [GC 7938K->7458K(8536K), 0.0025080 secs]
122.529: [GC 8030K->7593K(8536K), 0.0032520 secs]
122.582: [GC 8169K->7701K(8536K), 0.0036650 secs]
123.597: [GC 8277K->7786K(8536K), 0.0022240 secs]
123.616: [GC 8362K->7986K(8664K), 0.0039400 secs]
123.620: [Full GC 7986K->4912K(8664K), 0.1753180 secs]
123.859: [GC 5488K->5084K(8828K), 0.0036510 secs]
124.889: [GC 5658K->5218K(8828K), 0.0032160 secs]
124.934: [GC 5794K->5331K(8828K), 0.0031860 secs]
125.980: [GC 5907K->5437K(8828K), 0.0030700 secs]
126.082: [GC 6013K->5626K(8828K), 0.0036650 secs]
127.105: [GC 6199K->5695K(8828K), 0.0024320 secs]
127.136: [GC 6271K->5866K(8828K), 0.0034220 secs]
127.177: [GC 6442K->5971K(8828K), 0.0032110 secs]
128.195: [GC 6547K->6120K(8828K), 0.0034230 secs]
128.226: [GC 6696K->6332K(8828K), 0.0043340 secs]
129.251: [GC 6908K->6407K(8828K), 0.0029400 secs]
129.278: [GC 6983K->6590K(8828K), 0.0041300 secs]
129.348: [GC 7166K->6665K(8828K), 0.0028900 secs]
130.372: [GC 7241K->6780K(8828K), 0.0075580 secs]
130.433: [GC 7356K->6962K(8828K), 0.0056140 secs]
131.459: [GC 7538K->7006K(8828K), 0.0023480 secs]
131.485: [GC 7582K->7187K(8828K), 0.0035520 secs]
131.515: [GC 7763K->7252K(8828K), 0.0037960 secs]
132.523: [GC 7828K->7402K(8828K), 0.0033950 secs]
132.551: [GC 7978K->7586K(8828K), 0.0037360 secs]
133.598: [GC 8162K->7654K(8828K), 0.0029740 secs]
133.702: [GC 8229K->7686K(8828K), 0.0024420 secs]
133.741: [GC 8262K->7725K(8828K), 0.0016910 secs]
134.731: [GC 8301K->7796K(8828K), 0.0020780 secs]
134.781: [GC 8372K->7817K(8828K), 0.0017250 secs]
134.789: [GC 8393K->7863K(8828K), 0.0013490 secs]
134.800: [GC 8414K->7846K(8828K), 0.0015430 secs]
135.609: [GC 8422K->7833K(8828K), 0.0021920 secs]
135.834: [GC 8351K->7880K(8828K), 0.0017100 secs]
135.850: [GC 8456K->8149K(8828K), 0.0032900 secs]
136.370: [GC 8723K->8297K(8956K), 0.0033800 secs]
136.373: [Full GC 8297K->5273K(8956K), 0.1806240 secs]
138.121: [GC 5913K->5357K(9496K), 0.0025460 secs]
138.145: [GC 5989K->5382K(9496K), 0.0016110 secs]
138.679: [GC 6022K->5376K(9496K), 0.0012920 secs]
138.690: [GC 6016K->5411K(9496K), 0.0013570 secs]
140.214: [GC 6050K->5405K(9496K), 0.0014400 secs]
142.298: [GC 6045K->5454K(9496K), 0.0020280 secs]
144.734: [GC 6094K->5489K(9496K), 0.0020940 secs]
146.010: [GC 6129K->5494K(9496K), 0.0020010 secs]
146.104: [GC 6134K->5577K(9496K), 0.0037510 secs]
146.133: [GC 6217K->5756K(9496K), 0.0043430 secs]
146.162: [GC 6381K->5889K(9496K), 0.0033410 secs]
146.182: [GC 6529K->6062K(9496K), 0.0040070 secs]
147.085: [GC 6698K->6183K(9496K), 0.0036620 secs]
152.330: [GC 6823K->6214K(9496K), 0.0023110 secs]
152.355: [GC 6854K->6388K(9496K), 0.0036150 secs]
152.415: [GC 7028K->6582K(9496K), 0.0040870 secs]
152.654: [GC 7222K->6613K(9496K), 0.0030270 secs]
156.097: [GC 7253K->6607K(9496K), 0.0015670 secs]
156.236: [GC 7247K->6766K(9496K), 0.0031040 secs]
156.282: [GC 7406K->6976K(9496K), 0.0040120 secs]
156.427: [GC 7616K->7109K(9496K), 0.0044860 secs]
156.465: [GC 7749K->7306K(9496K), 0.0040290 secs]
182.459: [GC 7935K->7436K(9496K), 0.0037760 secs]
182.538: [GC 8076K->7579K(9496K), 0.0034730 secs]
182.598: [GC 8219K->7681K(9496K), 0.0033910 secs]
191.098: [GC 8321K->7750K(9496K), 0.0026120 secs]
201.103: [GC 8387K->7783K(9496K), 0.0023510 secs]
202.559: [GC 8423K->7743K(9496K), 0.0012270 secs]
209.279: [GC 8383K->7778K(9496K), 0.0021070 secs]
212.640: [GC 8418K->7869K(9496K), 0.0028780 secs]
212.663: [GC 8509K->8084K(9496K), 0.0039730 secs]
212.695: [GC 8724K->8167K(9496K), 0.0026850 secs]
219.844: [GC 8807K->8211K(9496K), 0.0031240 secs]
221.130: [GC 8848K->8309K(9496K), 0.0042540 secs]
221.149: [GC 8946K->8331K(9496K), 0.0023720 secs]
221.166: [GC 8964K->8349K(9496K), 0.0017410 secs]
221.187: [GC 8988K->8365K(9496K), 0.0017890 secs]
224.954: [GC 9005K->8402K(9496K), 0.0037000 secs]
227.748: [GC 9033K->8473K(9496K), 0.0036930 secs]
233.754: [GC 9113K->8582K(9496K), 0.0037640 secs]
233.778: [GC 9222K->8796K(9496K), 0.0047670 secs]
233.804: [GC 9436K->8929K(9624K), 0.0039240 secs]
233.808: [Full GC 8929K->5375K(9624K), 0.1958430 secs]
234.032: [GC 6015K->5588K(9624K), 0.0044960 secs]
237.749: [GC 6228K->5685K(9624K), 0.0029710 secs]
242.693: [GC 6320K->5722K(9624K), 0.0025260 secs]
242.713: [GC 6362K->5918K(9624K), 0.0037860 secs]
242.745: [GC 6556K->6024K(9624K), 0.0039100 secs]
249.131: [GC 6663K->6130K(9624K), 0.0035160 secs]
253.510: [GC 6770K->6118K(9624K), 0.0017210 secs]
262.742: [GC 6757K->6166K(9624K), 0.0026870 secs]
267.904: [GC 6806K->6246K(9624K), 0.0030880 secs]
267.933: [GC 6886K->6442K(9624K), 0.0042410 secs]
268.019: [GC 7082K->6571K(9624K), 0.0034110 secs]
268.048: [GC 7211K->6778K(9624K), 0.0038740 secs]
268.122: [GC 7418K->6906K(9624K), 0.0036480 secs]
269.152: [GC 7546K->6966K(9624K), 0.0025110 secs]
269.174: [GC 7606K->7186K(9624K), 0.0041550 secs]
269.242: [GC 7826K->7296K(9624K), 0.0033350 secs]
270.258: [GC 7936K->7358K(9624K), 0.0024750 secs]
270.286: [GC 7998K->7566K(9624K), 0.0040990 secs]
270.359: [GC 8206K->7687K(9624K), 0.0036110 secs]
271.369: [GC 8303K->7693K(9624K), 0.0018180 secs]
271.396: [GC 8333K->7868K(9624K), 0.0034200 secs]
271.451: [GC 8508K->8014K(9624K), 0.0042210 secs]
272.494: [GC 8625K->8161K(9624K), 0.0029030 secs]
272.521: [GC 8801K->8326K(9624K), 0.0038200 secs]
272.575: [GC 8966K->8472K(9624K), 0.0035180 secs]
272.728: [GC 9111K->8575K(9624K), 0.0029680 secs]
272.775: [GC 9215K->8695K(9624K), 0.0031810 secs]
272.804: [GC 9335K->8902K(9624K), 0.0039250 secs]
273.606: [GC 9519K->8972K(9624K), 0.0030940 secs]
273.631: [GC 9612K->9140K(9880K), 0.0040740 secs]
273.635: [Full GC 9140K->4982K(9880K), 0.2036280 secs]
273.865: [GC 5622K->5166K(9624K), 0.0040630 secs]
274.878: [GC 5759K->5267K(9624K), 0.0029010 secs]
274.904: [GC 5907K->5466K(9624K), 0.0039460 secs]
274.952: [GC 6106K->5639K(9624K), 0.0039540 secs]
275.998: [GC 6273K->5753K(9624K), 0.0027300 secs]
276.027: [GC 6393K->5918K(9624K), 0.0037230 secs]
276.075: [GC 6558K->6081K(9624K), 0.0039800 secs]
277.102: [GC 6721K->6153K(9624K), 0.0027860 secs]
277.120: [GC 6793K->6336K(9624K), 0.0037840 secs]
277.149: [GC 6976K->6489K(9624K), 0.0038490 secs]
278.166: [GC 7114K->6614K(9624K), 0.0030250 secs]
278.187: [GC 7254K->6779K(9624K), 0.0036960 secs]
278.223: [GC 7419K->6900K(9624K), 0.0035210 secs]
279.234: [GC 7540K->7024K(9624K), 0.0028340 secs]
279.265: [GC 7664K->7246K(9624K), 0.0043020 secs]
279.312: [GC 7886K->7416K(9624K), 0.0041270 secs]
280.342: [GC 8019K->7499K(9624K), 0.0027850 secs]
280.368: [GC 8139K->7667K(9624K), 0.0038290 secs]
280.417: [GC 8307K->7839K(9624K), 0.0037600 secs]
281.318: [GC 8479K->7927K(9624K), 0.0046320 secs]
281.486: [GC 8567K->8071K(9624K), 0.0034860 secs]
281.514: [GC 8711K->8275K(9624K), 0.0039740 secs]
282.090: [GC 8915K->8376K(9624K), 0.0035810 secs]
282.552: [GC 9016K->8542K(9624K), 0.0036330 secs]
282.581: [GC 9182K->8689K(9624K), 0.0033170 secs]
283.603: [GC 9329K->8788K(9624K), 0.0027310 secs]
283.623: [GC 9424K->8952K(9624K), 0.0038670 secs]
283.655: [GC 9592K->9122K(9880K), 0.0045340 secs]
283.659: [Full GC 9122K->5571K(9880K), 0.1920220 secs]
284.507: [GC 6275K->5662K(9944K), 0.0036330 secs]
284.882: [GC 6366K->5861K(9944K), 0.0042160 secs]
284.916: [GC 6565K->6042K(9944K), 0.0040570 secs]
285.938: [GC 6746K->6100K(9944K), 0.0028470 secs]
285.965: [GC 6804K->6331K(9944K), 0.0047630 secs]
285.998: [GC 7035K->6430K(9944K), 0.0037390 secs]
287.012: [GC 7132K->6602K(9944K), 0.0038780 secs]
287.043: [GC 7306K->6759K(9944K), 0.0040070 secs]
288.069: [GC 7463K->6788K(9944K), 0.0024980 secs]
288.099: [GC 7492K->6999K(9944K), 0.0042430 secs]
288.139: [GC 7703K->7139K(9944K), 0.0038680 secs]
288.180: [GC 7843K->7265K(9944K), 0.0035580 secs]
288.207: [GC 7969K->7412K(9944K), 0.0035180 secs]
288.248: [GC 8116K->7500K(9944K), 0.0031660 secs]
288.271: [GC 8204K->7720K(9944K), 0.0041820 secs]
288.303: [GC 8364K->7872K(9944K), 0.0036220 secs]
288.328: [GC 8576K->8055K(9944K), 0.0038300 secs]
288.358: [GC 8759K->8231K(9944K), 0.0040480 secs]
289.157: [GC 8935K->8388K(9944K), 0.0041250 secs]
289.185: [GC 9092K->8631K(9944K), 0.0044010 secs]
289.213: [GC 9321K->8753K(9944K), 0.0030470 secs]
290.232: [GC 9457K->8904K(9944K), 0.0033150 secs]
290.260: [GC 9608K->9070K(9944K), 0.0038230 secs]
291.280: [GC 9774K->9201K(9944K), 0.0030430 secs]
291.301: [GC 9905K->9424K(10200K), 0.0046740 secs]
291.306: [Full GC 9424K->5553K(10200K), 0.1915780 secs]
291.534: [GC 6257K->5750K(10024K), 0.0054050 secs]
292.557: [GC 6454K->5850K(10024K), 0.0027540 secs]
292.587: [GC 6554K->6082K(10024K), 0.0043060 secs]
292.622: [GC 6786K->6162K(10024K), 0.0030920 secs]
293.634: [GC 6866K->6310K(10024K), 0.0038160 secs]
293.666: [GC 7014K->6545K(10024K), 0.0049290 secs]
293.727: [GC 7249K->6751K(10024K), 0.0046090 secs]
294.769: [GC 7455K->6830K(10024K), 0.0044670 secs]
294.808: [GC 7534K->7049K(10024K), 0.0048000 secs]
294.860: [GC 7753K->7271K(10024K), 0.0046610 secs]
295.887: [GC 7964K->7324K(10024K), 0.0023340 secs]
295.914: [GC 8028K->7542K(10024K), 0.0040010 secs]
295.971: [GC 8246K->7720K(10024K), 0.0047140 secs]
296.036: [GC 8410K->7814K(10024K), 0.0033370 secs]
297.038: [GC 8518K->7866K(10024K), 0.0025610 secs]
297.069: [GC 8570K->8089K(10024K), 0.0046340 secs]
297.131: [GC 8793K->8290K(10024K), 0.0045740 secs]
297.460: [GC 8994K->8344K(10024K), 0.0026450 secs]
298.192: [GC 9048K->8494K(10024K), 0.0034940 secs]
298.239: [GC 9198K->8728K(10024K), 0.0042380 secs]
298.302: [GC 9432K->8849K(10024K), 0.0037470 secs]
299.322: [GC 9553K->8982K(10024K), 0.0036330 secs]
299.352: [GC 9686K->9146K(10024K), 0.0035490 secs]
299.411: [GC 9850K->9308K(10024K), 0.0046000 secs]
300.445: [GC 10012K->9401K(10152K), 0.0032510 secs]
300.449: [Full GC 9401K->5669K(10152K), 0.1965890 secs]
300.656: [GC 6373K->5745K(10152K), 0.0022710 secs]
300.674: [GC 6449K->5805K(10152K), 0.0026250 secs]
300.687: [GC 6509K->5795K(10152K), 0.0016100 secs]
301.709: [GC 6499K->5799K(10152K), 0.0013300 secs]
302.740: [GC 6503K->5848K(10152K), 0.0018350 secs]
302.864: [GC 6506K->5918K(10152K), 0.0023370 secs]
302.884: [GC 6622K->6116K(10152K), 0.0044340 secs]
302.938: [GC 6820K->6311K(10152K), 0.0041520 secs]
303.797: [GC 7015K->6415K(10152K), 0.0036170 secs]
303.814: [GC 7119K->6442K(10152K), 0.0021430 secs]
304.341: [GC 7146K->6447K(10152K), 0.0013700 secs]
304.393: [GC 7151K->6440K(10152K), 0.0013070 secs]
304.409: [GC 7140K->6463K(10152K), 0.0015110 secs]
305.984: [GC 7167K->6513K(10152K), 0.0017960 secs]
309.289: [GC 7217K->6612K(10152K), 0.0029370 secs]
309.322: [GC 7316K->6824K(10152K), 0.0042890 secs]
309.378: [GC 7528K->7026K(10152K), 0.0044030 secs]
309.433: [GC 7730K->7133K(10152K), 0.0031380 secs]
309.459: [GC 7837K->7371K(10152K), 0.0042940 secs]
309.514: [GC 8075K->7577K(10152K), 0.0045770 secs]
312.792: [GC 8281K->7615K(10152K), 0.0024150 secs]
316.000: [GC 8319K->7723K(10152K), 0.0030010 secs]
316.037: [GC 8427K->7951K(10152K), 0.0042950 secs]
316.064: [GC 8655K->8080K(10152K), 0.0035710 secs]
321.774: [GC 8784K->8162K(10152K), 0.0029200 secs]
322.554: [GC 8866K->8234K(10152K), 0.0023950 secs]
322.581: [GC 8938K->8456K(10152K), 0.0040110 secs]
322.635: [GC 9160K->8678K(10152K), 0.0047660 secs]
322.697: [GC 9382K->8839K(10152K), 0.0045590 secs]
322.737: [GC 9645K->9139K(10152K), 0.0043950 secs]
322.788: [GC 9843K->9368K(10152K), 0.0059060 secs]
330.782: [GC 10072K->9470K(10280K), 0.0107400 secs]
330.793: [Full GC 9470K->5348K(10280K), 0.5431880 secs]
332.988: [GC 6052K->5380K(10152K), 0.0023720 secs]
333.032: [GC 6084K->5587K(10152K), 0.0040370 secs]
333.103: [GC 6291K->5758K(10152K), 0.0039080 secs]
333.269: [GC 6462K->5944K(10152K), 0.0045160 secs]
346.079: [GC 6617K->6027K(10152K), 0.0026380 secs]
346.106: [GC 6731K->6231K(10152K), 0.0037930 secs]
346.163: [GC 6935K->6378K(10152K), 0.0038710 secs]
346.212: [GC 7082K->6531K(10152K), 0.0037840 secs]
351.954: [GC 7235K->6579K(10152K), 0.0021910 secs]
356.778: [GC 7283K->6603K(10152K), 0.0017060 secs]
358.404: [Full GC 7223K->5667K(10152K), 0.1907870 secs]
363.311: [GC 6371K->5762K(10152K), 0.0028380 secs]
363.335: [GC 6466K->5988K(10152K), 0.0042210 secs]
363.369: [GC 6692K->6196K(10152K), 0.0043760 secs]
366.784: [GC 6900K->6234K(10152K), 0.0024100 secs]
380.111: [GC 6937K->6341K(10152K), 0.0030990 secs]
384.273: [Full GC 7027K->5622K(10152K), 0.1888530 secs]
390.662: [GC 6300K->5649K(10152K), 0.0025870 secs]
390.680: [GC 6353K->5845K(10152K), 0.0037030 secs]
390.707: [GC 6549K->6031K(10152K), 0.0041060 secs]
390.730: [GC 6735K->6089K(10152K), 0.0026960 secs]
390.753: [GC 6793K->6319K(10152K), 0.0041340 secs]
390.782: [GC 7023K->6538K(10152K), 0.0044610 secs]
390.793: [Full GC 6646K->5409K(10152K), 0.1896100 secs]
390.983: [Full GC 5421K->4970K(10152K), 0.1897520 secs]
391.189: [GC 5674K->5172K(10152K), 0.0038040 secs]
391.217: [GC 5876K->5345K(10152K), 0.0039060 secs]
391.252: [Full GC 5958K->5393K(10152K), 0.1888180 secs]
391.442: [Full GC 5396K->5394K(10152K), 0.1857810 secs]
397.327: [Full GC 6018K->5297K(10152K), 0.1872490 secs]
